// Jest Snapshot v1, https://goo.gl/fbAQLP

exports[`Reviews: Correctly renders after relaunch 1`] = `
<div
  className="movie-card__reviews movie-card__row"
>
  <div
    className="movie-card__reviews-col"
  >
    <div
      className="review"
    >
      <blockquote
        className="review__quote"
      >
        <p
          className="review__text"
        >
          comment
        </p>
        <footer
          className="review__details"
        >
          <cite
            className="review__author"
          >
            user
          </cite>
          <time
            className="review__date"
            dateTime="2019-05-28T02:34:08.750Z"
          >
            4 28, 2019.
          </time>
        </footer>
      </blockquote>
      <div
        className="review__rating"
      >
        4
      </div>
    </div>
  </div>
  <div
    className="movie-card__reviews-col"
  >
    <div
      className="review"
    >
      <blockquote
        className="review__quote"
      >
        <p
          className="review__text"
        >
          comment2
        </p>
        <footer
          className="review__details"
        >
          <cite
            className="review__author"
          >
            user2
          </cite>
          <time
            className="review__date"
            dateTime="2019-05-16T02:34:08.750Z"
          >
            4 16, 2019.
          </time>
        </footer>
      </blockquote>
      <div
        className="review__rating"
      >
        5
      </div>
    </div>
  </div>
</div>
`;
